# System Info:
1.  `uname -a`:

        Linux himelz-pc 7.0.8-arch1-1 #1 SMP PREEMPT_DYNAMIC Fri, 15 May 2026 16:45:15 +0000 x86_64 GNU/Linux

2.  `lsb_release`:

    `lsb_release` not found.

3.  `/etc/lsb-release`:

    `/etc/lsb-release` not found.

4.  `/etc/os-release`:

        NAME="Arch Linux"
        PRETTY_NAME="Arch Linux"
        ID=arch
        BUILD_ID=rolling
        ANSI_COLOR="38;2;23;147;209"
        HOME_URL="https://archlinux.org/"
        DOCUMENTATION_URL="https://wiki.archlinux.org/"
        SUPPORT_URL="https://bbs.archlinux.org/"
        BUG_REPORT_URL="https://gitlab.archlinux.org/groups/archlinux/-/issues"
        PRIVACY_POLICY_URL="https://terms.archlinux.org/docs/privacy-policy/"
        LOGO=archlinux-logo

5.  Desktop Environment:

    Cannot determine desktop environment.

6.  XDG SESSION TYPE:

        XDG_SESSION_TYPE='wayland'

7.  Bash Version:

        BASH_VERSION='5.3.9(1)-release'

# Environment:
1.  DISPLAY:

        DISPLAY=':1'


        WAYLAND_DISPLAY='wayland-1'

2.  Keyboard Layout:

    1.  `setxkbmap`:

            WARNING: Running setxkbmap against an Xwayland server
            xkb_keymap {
            	xkb_keycodes  { include "evdev+aliases(qwerty)"	};
            	xkb_types     { include "complete"	};
            	xkb_compat    { include "complete"	};
            	xkb_symbols   { include "pc+us+inet(evdev)"	};
            	xkb_geometry  { include "pc(pc105)"	};
            };

    2.  `xprop`:

            _XKB_RULES_NAMES(STRING) = "evdev", "pc105", "us", "", ""

3.  Locale:

    1.  All locales:

            C
            C.utf8
            en_US.utf8
            POSIX

    2.  Current locale:

            LANG=en_US.UTF-8
            LC_CTYPE="en_US.UTF-8"
            LC_NUMERIC="en_US.UTF-8"
            LC_TIME="en_US.UTF-8"
            LC_COLLATE="en_US.UTF-8"
            LC_MONETARY="en_US.UTF-8"
            LC_MESSAGES="en_US.UTF-8"
            LC_PAPER="en_US.UTF-8"
            LC_NAME="en_US.UTF-8"
            LC_ADDRESS="en_US.UTF-8"
            LC_TELEPHONE="en_US.UTF-8"
            LC_MEASUREMENT="en_US.UTF-8"
            LC_IDENTIFICATION="en_US.UTF-8"
            LC_ALL=

4.  Directories:

    1.  Home:

            /home/itshimelz

    2.  `${XDG_CONFIG_HOME}`:

        Environment variable `XDG_CONFIG_HOME` is not set.

        Current value of `XDG_CONFIG_HOME` is `~/.config` (`/home/itshimelz/.config`).

    3.  Fcitx5 Settings Directory:

        Current fcitx5 settings directory is `~/.config/fcitx5` (`/home/itshimelz/.config/fcitx5`).

5.  Current user:

    The script is run as itshimelz (1000).

# Fcitx State:
1.  executable:

    Found fcitx5 at `/usr/bin/fcitx5`.

2.  version:

    Fcitx version: `5.1.19`

3.  process:

    Found 1 fcitx5 process:

         117173 fcitx5

4.  `fcitx5-remote`:

    `fcitx5-remote` works properly.

5.  DBus interface:

    Using `dbus-send` to check dbus.

    Owner of DBus name `org.fcitx.Fcitx5` is `:1.257`.

    PID of DBus name `org.fcitx.Fcitx5` owner is `117173`.

    Debug information from dbus:

           Group [wayland:] has 5 InputContext(s)
          IC [f420a7a1d3b6400293c6a1bf21af9e38] program:code-oss frontend:wayland_v2 cap:80072 focus:0
          IC [5b526156b38246e8a9c8ae726b72805a] program:quickshell frontend:dbus cap:0 focus:0
          IC [ee4f37addc9f4d0e86c9d8214c6914de] program:antigravity frontend:wayland_v2 cap:80072 focus:1
          IC [f33d42d8f6c441b6995d689be6cd3214] program:quickshell frontend:dbus cap:0 focus:0
          IC [647180ff557c4edb88808d420b3a177b] program: frontend:wayland_v2 cap:80072 focus:0
        Group [x11::1] has 0 InputContext(s)
        Input Context without group

# Frontends setup:
The environment variable checked by this script only shows the environment under current shell. It is still possible that you did not set the environment to the whole graphic desktop session. You may inspect the actual environment variable of a certain process by using `xargs -0 -L1 /proc/$PID/environ` for a certain process that you find not working.

## Xim:
1.  `${XMODIFIERS}`:

    Environment variable XMODIFIERS is set to "@im=fcitx" correctly.
    Xim Server Name from Environment variable is fcitx.

2.  XIM_SERVERS on root window:

    Xim server name is the same with that set in the environment variable.

## Qt:
1.  qt4 - `${QT4_IM_MODULE}`:

    Environment variable QT_IM_MODULE is set to "fcitx" correctly.

    **`fcitx5-qt4-immodule-probing` not found.**

2.  qt5 - `${QT_IM_MODULE}`:

    Environment variable QT_IM_MODULE is set to "fcitx" correctly.

    Using fcitx5-qt5-immodule-probing to check the actual im module to be used under current environment:

        QT_QPA_PLATFORM=wayland
        QT_IM_MODULE=fcitx
        IM_MODULE_CLASSNAME=fcitx::QFcitxPlatformInputContext

3.  qt6 - `${QT_IM_MODULE}`:

    Environment variable QT_IM_MODULE is set to "fcitx" correctly.

    Using fcitx5-qt6-immodule-probing to check the actual im module to be used under current environment:

        QT_QPA_PLATFORM=wayland
        QT_IM_MODULE=fcitx
        IM_MODULE_CLASSNAME=fcitx::QFcitxPlatformInputContext

4.  Qt IM module files:

    Found fcitx5 im module for qt6: `/usr/lib/qt6/plugins/platforminputcontexts/libfcitx5platforminputcontextplugin.so`.
    Found unknown fcitx qt module: `/usr/lib/qt6/plugins/plasma/kcms/systemsettings/kcm_fcitx5.so`.
    Found fcitx5 im module for qt: `/usr/lib/qt/plugins/platforminputcontexts/libfcitx5platforminputcontextplugin.so`.
    Found fcitx5 qt6 module: `/usr/lib/fcitx5/qt6/libfcitx-quickphrase-editor5.so`.

    Following error may not be accurate because guessing Qt version from path depends on how your distribution packages Qt. It is not a critical error if you do not use any Qt application with certain version of Qt or you are using text-input support by Qt under Wayland.
    **Cannot find fcitx5 input method module for Qt4.**

## Gtk:
1.  gtk - `${GTK_IM_MODULE}`:

    **Please set environment variable GTK_IM_MODULE to "fcitx" using the tool your distribution provides or add `export GTK_IM_MODULE=fcitx` to your `~/.xprofile`. See [Input Method Related Environment Variables: GTK_IM_MODULE](http://fcitx-im.org/wiki/Input_method_related_environment_variables#GTK_IM_MODULE).**

    **It is OK to use gtk built-in Wayland im module if your compositor fully supports text-input protocol used by gtk.**

    **`fcitx5-gtk2-immodule-probing` not found.**

    Using fcitx5-gtk3-immodule-probing to check the actual im module to be used under current environment:

        GTK_IM_MODULE=wayland

    Using fcitx5-gtk4-immodule-probing to check the actual im module to be used under current environment:

        GTK_IM_MODULE=wayland

2.  `gtk-query-immodules`:

    1.  gtk 2:

        **Cannot find `gtk-query-immodules` for gtk 2**

        **Cannot find fcitx5 im module for gtk 2.**

    2.  gtk 3:

        Found `gtk-query-immodules` for gtk `3.24.52` at `/usr/bin/gtk-query-immodules-3.0`.
        Version Line:

            # Created by /usr/bin/gtk-query-immodules-3.0 from gtk+-3.24.52

        Found fcitx5 im modules for gtk `3.24.52`.

            "/usr/lib/gtk-3.0/3.0.0/immodules/im-fcitx5.so" 
            "fcitx" "Fcitx5 (Flexible Input Method Framework5)" "fcitx5" "/usr/locale" "ja:ko:zh:*" 
            "fcitx5" "Fcitx5 (Flexible Input Method Framework5)" "fcitx5" "/usr/locale" "ja:ko:zh:*" 

3.  Gtk IM module cache:

    1.  gtk 2:

        **Cannot find immodules cache for gtk 2**

        **Cannot find fcitx5 im module for gtk 2 in cache.**

    2.  gtk 3:

        Found immodules cache for gtk `3.24.52` at `/usr/lib/gtk-3.0/3.0.0/immodules.cache`.
        Version Line:

            # Created by /usr/bin/gtk-query-immodules-3.0 from gtk+-3.24.52

        Found fcitx5 im modules for gtk `3.24.52`.

            "/usr/lib/gtk-3.0/3.0.0/immodules/im-fcitx5.so" 
            "fcitx" "Fcitx5 (Flexible Input Method Framework5)" "fcitx5" "/usr/locale" "ja:ko:zh:*" 
            "fcitx5" "Fcitx5 (Flexible Input Method Framework5)" "fcitx5" "/usr/locale" "ja:ko:zh:*" 

4.  Gtk IM module files:

    1.  gtk 2:

        All found Gtk 2 immodule files exist.

    2.  gtk 3:

        All found Gtk 3 immodule files exist.

    3.  gtk 4:

        All found Gtk 4 immodule files exist.

# Configuration:
## Fcitx Addons:
1.  Addon Config Dir:

    Found fcitx5 addon config directory: `/usr/share/fcitx5/addon`.

2.  Addon List:

    1.  Found 21 enabled addons:

            Classic User Interface 5.1.19
            Clipboard 5.1.19
            DBus 5.1.19
            DBus Frontend 5.1.19
            Emoji 5.1.19
            Fcitx4 Frontend 5.1.19
            IBus Frontend 5.1.19
            Input method selector 5.1.19
            Keyboard 5.1.19
            KDE Input Method Panel 5.1.19
            Status Notifier 5.1.19
            Notification 5.1.19
            OpenBangla Keyboard Input Method For Fcitx 
            Quick Phrase 5.1.19
            Spell 5.1.19
            Unicode 5.1.19
            DBus Virtual Keyboard 5.1.19
            Wayland 5.1.19
            Wayland Input method frontend 5.1.19
            XCB 5.1.19
            X Input Method Frontend 5.1.19

    2.  Found 0 disabled addons:

3.  Addon Libraries:

    All libraries for all addons are found.

4.  User Interface:

    Found 3 enabled user interface addons:

        Classic User Interface
        KDE Input Method Panel
        DBus Virtual Keyboard

## Input Methods:
1.  `/home/itshimelz/.config/fcitx5/profile`:

        [Groups/0]
        # Group Name
        Name=Default
        # Layout
        Default Layout=us
        # Default Input Method
        DefaultIM=openbangla

        [Groups/0/Items/0]
        # Name
        Name=keyboard-us
        # Layout
        Layout=

        [Groups/0/Items/1]
        # Name
        Name=openbangla
        # Layout
        Layout=

        [GroupOrder]
        0=Default

# Log:
1.  `date`:

        Tue May 19 10:35:21 PM +06 2026

2.  `/home/itshimelz/.config/fcitx5/crash.log`:

        =========================
        Fcitx 5.1.19 -- Get Signal No.: 6
        Date: try "date -d @1779030632" if you are using GNU date ***
        ProcessID: 916
        fcitx5(+0x14ce8) [0x55b423040ce8]
        /usr/lib/libc.so.6(+0x3e8f0) [0x7f696643e8f0]
        /usr/lib/libc.so.6(+0x9a29c) [0x7f696649a29c]
        /usr/lib/libc.so.6(gsignal+0x20) [0x7f696643e7d0]
        /usr/lib/libc.so.6(abort+0x26) [0x7f6966425681]
        /usr/lib/fcitx5/openbangla.so(+0x76e4a) [0x7f695d876e4a]
        /usr/lib/fcitx5/openbangla.so(+0x76be9) [0x7f695d876be9]
        /usr/lib/fcitx5/openbangla.so(_RNvNtCsen3zWVbX5MG_3std9panicking15panic_with_hook+0x1d7) [0x7f695d8f832d]
        /usr/lib/fcitx5/openbangla.so(+0xd6a5a) [0x7f695d8d6a5a]
        /usr/lib/fcitx5/openbangla.so(+0xcd9e9) [0x7f695d8cd9e9]
        /usr/lib/fcitx5/openbangla.so(+0xd7fdd) [0x7f695d8d7fdd]
        /usr/lib/fcitx5/openbangla.so(_RNvNtCs4BzXErkODQn_4core9panicking18panic_nounwind_fmt+0x2d) [0x7f695d877f8d]
        /usr/lib/fcitx5/openbangla.so(+0x77ecb) [0x7f695d877ecb]
        /usr/lib/fcitx5/openbangla.so(+0x78097) [0x7f695d878097]
        /usr/lib/fcitx5/openbangla.so(riti_context_new_with_config+0x395) [0x7f695d8971a5]
        /usr/lib/fcitx5/openbangla.so(+0x7b6d9) [0x7f695d87b6d9]
        /usr/lib/fcitx5/openbangla.so(+0x7bdc5) [0x7f695d87bdc5]
        /usr/lib/fcitx5/openbangla.so(+0x7bfa0) [0x7f695d87bfa0]
        /usr/lib/libFcitx5Core.so.7(+0x87dd8) [0x7f6966dd2dd8]
        /usr/lib/libFcitx5Core.so.7(+0x895c2) [0x7f6966dd45c2]
        /usr/lib/libFcitx5Core.so.7(_ZN5fcitx12AddonManager5addonERKNSt7__cxx1112basic_stringIcSt11char_traitsIcESaIcEEEb+0x1d2) [0x7f6966dd4ba2]
        /usr/lib/libFcitx5Core.so.7(+0x5e8f2) [0x7f6966da98f2]
        /usr/lib/libFcitx5Utils.so.2(+0x47d0a) [0x7f6966cb1d0a]
        /usr/lib/libsystemd.so.0(+0x41305) [0x7f6966317305]
        /usr/lib/libsystemd.so.0(sd_event_dispatch+0x153) [0x7f696631c213]
        /usr/lib/libsystemd.so.0(sd_event_run+0x129) [0x7f696631c489]
        /usr/lib/libsystemd.so.0(sd_event_loop+0x60) [0x7f696631c670]
        /usr/lib/libFcitx5Utils.so.2(_ZN5fcitx9EventLoop4execEv+0x2c) [0x7f6966ce0a8c]
        /usr/lib/libFcitx5Core.so.7(_ZN5fcitx8Instance4execEv+0x5e) [0x7f6966d9d99e]
        fcitx5(+0x12c8e) [0x55b42303ec8e]
        /usr/lib/libc.so.6(+0x27741) [0x7f6966427741]
        /usr/lib/libc.so.6(__libc_start_main+0x89) [0x7f6966427879]

**Warning: the output of fcitx5-diagnose contains sensitive information, including the distribution name, kernel version, name of currently running programs, etc.**

**Though such information can be helpful to developers for diagnostic purpose, please double check and remove as necessary before posting it online publicly.**
